// Vitest Snapshot v1, https://vitest.dev/guide/snapshot.html

exports[`ErrorList 1`] = `
NodeList [
  <div
    class="u-alert u-alert-error u-mb-3x"
    role="alert"
  >
    <svg
      class="tabler-icon tabler-icon-alert-circle"
      fill="none"
      height="24"
      stroke="currentColor"
      stroke-linecap="round"
      stroke-linejoin="round"
      stroke-width="2"
      viewBox="0 0 24 24"
      width="24"
      xmlns="http://www.w3.org/2000/svg"
    >
      <path
        d="M3 12a9 9 0 1 0 18 0a9 9 0 0 0 -18 0"
      />
      <path
        d="M12 8v4"
      />
      <path
        d="M12 16h.01"
      />
    </svg>
    <div>
      <div>
        first error
      </div>
      <div>
        second error
      </div>
    </div>
  </div>,
]
`;
