// Vitest Snapshot v1, https://vitest.dev/guide/snapshot.html

exports[`TextActions > initial 1`] = `
NodeList [
  <button
    class="u-p-1xs"
    type="button"
  >
    <svg
      class="tabler-icon tabler-icon-link"
      fill="none"
      height="24"
      stroke="currentColor"
      stroke-linecap="round"
      stroke-linejoin="round"
      stroke-width="2"
      viewBox="0 0 24 24"
      width="24"
      xmlns="http://www.w3.org/2000/svg"
    >
      <path
        d="M9 15l6 -6"
      />
      <path
        d="M11 6l.463 -.536a5 5 0 0 1 7.071 7.072l-.534 .464"
      />
      <path
        d="M13 18l-.397 .534a5.068 5.068 0 0 1 -7.127 0a4.972 4.972 0 0 1 0 -7.071l.524 -.463"
      />
    </svg>
  </button>,
]
`;
