// Vitest Snapshot v1, https://vitest.dev/guide/snapshot.html

exports[`Line 1`] = `
NodeList [
  <div
    class="u-flex u-gap-4x"
  >
    <label
      class="u-input u-input-bordered u-flex u-items-center u-gap-2 u-flex-1"
    >
      <svg
        aria-label="Variable"
        class="u-mr-2x"
        fill="none"
        height="24"
        stroke="currentColor"
        stroke-linecap="round"
        stroke-linejoin="round"
        stroke-width="2"
        viewBox="0 0 24 24"
        width="24"
        xmlns="http://www.w3.org/2000/svg"
      >
        <path
          d="M5 4c-2.5 5 -2.5 10 0 16m14 -16c2.5 5 2.5 10 0 16m-10 -11h1c1 0 1 1 2.016 3.527c.984 2.473 .984 3.473 1.984 3.473h1"
        />
        <path
          d="M8 16c1.5 0 3 -2 4 -3.5s2.5 -3.5 4 -3.5"
        />
      </svg>
      <input
        class="u-grow"
        placeholder="Enter variable name from payload"
        type="text"
        value="value"
      />
    </label>
    <select
      aria-label="operator"
      class="u-select u-select-bordered"
    >
      <option>
        =
      </option>
      <option>
        &gt;
      </option>
      <option>
        &gt;=
      </option>
      <option>
        &lt;
      </option>
      <option>
        &lt;=
      </option>
    </select>
    <label
      class="u-input u-input-bordered u-flex u-items-center u-gap-2 u-flex-1"
    >
      <svg
        aria-label="Value"
        class="u-mr-2x"
        fill="none"
        height="24"
        stroke="currentColor"
        stroke-linecap="round"
        stroke-linejoin="round"
        stroke-width="2"
        viewBox="0 0 24 24"
        width="24"
        xmlns="http://www.w3.org/2000/svg"
      >
        <path
          d="M11 9l3 3l-3 3"
        />
        <path
          d="M3 3m0 2a2 2 0 0 1 2 -2h14a2 2 0 0 1 2 2v14a2 2 0 0 1 -2 2h-14a2 2 0 0 1 -2 -2z"
        />
      </svg>
      <input
        class="u-grow"
        placeholder="Enter required value"
        type="text"
        value="on"
      />
    </label>
    <button
      aria-label="delete-line"
      type="button"
    >
      <svg
        class="tabler-icon tabler-icon-trash"
        fill="none"
        height="24"
        stroke="currentColor"
        stroke-linecap="round"
        stroke-linejoin="round"
        stroke-width="2"
        viewBox="0 0 24 24"
        width="24"
        xmlns="http://www.w3.org/2000/svg"
      >
        <path
          d="M4 7l16 0"
        />
        <path
          d="M10 11l0 6"
        />
        <path
          d="M14 11l0 6"
        />
        <path
          d="M5 7l1 12a2 2 0 0 0 2 2h8a2 2 0 0 0 2 -2l1 -12"
        />
        <path
          d="M9 7v-3a1 1 0 0 1 1 -1h4a1 1 0 0 1 1 1v3"
        />
      </svg>
    </button>
  </div>,
]
`;
